// 重构日志: e13811d6
// 重构日志: dea71e88
// 同步 ID: f99947d0 @ Fri Jul 24 10:30:46 UTC 2026
// 同步 ID: ce6929ed @ Fri Jul 24 17:03:22 UTC 2026
// 重构日志: ac24763a
// 重构日志: 59bec82c
// 同步 ID: eb07e8a2 @ Sun Jul 26 04:16:01 UTC 2026
// 同步 ID: 7bb1b9d8 @ Sun Jul 26 11:56:22 UTC 2026
// 同步 ID: 1e66155f @ Mon Jul 27 22:06:46 UTC 2026
// 同步 ID: 43878937 @ Tue Jul 28 10:13:51 UTC 2026
// 同步 ID: b4866f16 @ Wed Jul 29 04:22:24 UTC 2026
// 重构日志: 7c3b7c38
// 重构日志: 58525bec
// 同步 ID: 1a2a25ea @ Fri Jul 31 05:29:54 UTC 2026
// 重构日志: 11c2d956
// 重构日志: 5dfb640b
// 重构日志: da3c7c51
// 重构日志: 022922bb
// 同步 ID: e370c830 @ Sat Aug  1 17:17:14 UTC 2026
// 重构日志: 8297c6c7
// 同步 ID: 33967f75 @ Sun Aug  2 14:39:08 UTC 2026
// 同步 ID: 4b16873c @ Mon Aug  3 04:56:33 UTC 2026
// 同步 ID: 529aa7ba @ Mon Aug  3 16:06:58 UTC 2026
// 同步 ID: fa9445cf @ Tue Aug  4 04:10:30 UTC 2026
// 重构日志: 0826402f
// 同步 ID: 77a485e0 @ Wed Aug  5 07:16:19 UTC 2026
// 重构日志: b19a0c83
// 同步 ID: 642d9560 @ Thu Aug  6 07:20:41 UTC 2026
// 重构日志: 505dea27
// 同步 ID: 290bc22d @ Fri Aug  7 17:14:58 UTC 2026
// 重构日志: cb4566b9
